{
  "verdict": "DCG1_NO_CAPACITY_ADVANTAGE_DEMONSTRATED",
  "primary_contrasts": {
    "native-rank1__minus__dense104": {
      "mean": 0.041685653190749385,
      "per_seed": [
        0.019972938112914562,
        0.023541882168501616,
        0.05478739179670811,
        0.05536171933636069,
        0.040475689340382814,
        0.05597429838962853
      ],
      "seed_ci95": [
        0.024346396493969403,
        0.05902490988752937
      ],
      "seed_upper": 0.0630235006098126,
      "crossed_upper": 0.05503143553311627,
      "crossed_ci95": [
        0.028550093735490615,
        0.05353961173289765
      ],
      "upper_probability": 0.9875,
      "bootstrap_audit_max_difference": 0.0,
      "meaningful_superiority": false,
      "descriptive_noninferiority": false
    },
    "native-rank1__minus__dense80": {
      "mean": 0.010291359154507518,
      "per_seed": [
        -0.01831137854605913,
        0.004701686790212989,
        0.017076000105589628,
        0.02551821549423039,
        0.006023036083206534,
        0.026740594999864697
      ],
      "seed_ci95": [
        -0.0073694016912644045,
        0.02795212000027944
      ],
      "seed_upper": 0.03202485251132652,
      "crossed_upper": 0.023331392115990945,
      "crossed_ci95": [
        -0.003271548328727173,
        0.022147019376279786
      ],
      "upper_probability": 0.9875,
      "bootstrap_audit_max_difference": 0.0,
      "meaningful_superiority": false,
      "descriptive_noninferiority": false
    },
    "rank8-to1__minus__dense104": {
      "mean": 0.021323023946024477,
      "per_seed": [
        0.006984850857406855,
        -0.0019941413775086403,
        0.03778040432371199,
        0.03496010438539088,
        0.023564282804727554,
        0.026642642682418227
      ],
      "seed_ci95": [
        0.004800424992983599,
        0.03784562289906536
      ],
      "seed_upper": 0.04165588489800705,
      "crossed_upper": 0.033615173037105706,
      "crossed_ci95": [
        0.008952068787766622,
        0.03235601859050803
      ],
      "upper_probability": 0.9875,
      "bootstrap_audit_max_difference": 0.0,
      "meaningful_superiority": false,
      "descriptive_noninferiority": false
    },
    "rank8-to1__minus__dense80": {
      "mean": -0.010071270090217391,
      "per_seed": [
        -0.03129946580156684,
        -0.020834336755797267,
        6.901263259351254e-05,
        0.005116600543260574,
        -0.010888370452448726,
        -0.002591060707345605
      ],
      "seed_ci95": [
        -0.02458688716394916,
        0.004444346983514378
      ],
      "seed_upper": 0.0077917806581089075,
      "crossed_upper": 0.0009226055097921471,
      "crossed_ci95": [
        -0.02107327356643509,
        -0.00032318308949470727
      ],
      "upper_probability": 0.9875,
      "bootstrap_audit_max_difference": 0.0,
      "meaningful_superiority": false,
      "descriptive_noninferiority": true
    }
  },
  "candidate_gates": {
    "native-rank1": {
      "comparisons": {
        "dense104": false,
        "dense80": false
      },
      "capacity_signal": false,
      "runtime_ratios": {
        "dense104_L1": {
          "per_seed_ratios": [
            3.4770112205967183,
            3.674110913365207,
            3.4916071620461238,
            3.4773358561857863,
            3.6019088731653213,
            3.6213912508297903
          ],
          "median_ratio": 3.5467580176057227
        },
        "dense104_L64": {
          "per_seed_ratios": [
            5.044868692226185,
            4.413606934547528,
            4.83223760211176,
            4.713145194935649,
            5.006878702442317,
            4.601990860566229
          ],
          "median_ratio": 4.772691398523705
        },
        "dense80_L1": {
          "per_seed_ratios": [
            3.469542415246805,
            3.676630576896737,
            3.488075576093144,
            3.4827509351741908,
            3.636404706518924,
            3.6371450828480247
          ],
          "median_ratio": 3.562240141306034
        },
        "dense80_L64": {
          "per_seed_ratios": [
            5.012194893212164,
            4.47409126681276,
            4.8992232727371094,
            4.790622736884357,
            5.156547976902105,
            4.619358692773839
          ],
          "median_ratio": 4.844923004810733
        }
      },
      "runtime_gain_both_controls_and_lengths": false,
      "joint_signal": false
    },
    "rank8-to1": {
      "comparisons": {
        "dense104": false,
        "dense80": false
      },
      "capacity_signal": false,
      "runtime_ratios": {
        "dense104_L1": {
          "per_seed_ratios": [
            3.489182245564411,
            3.6292550495977207,
            3.4644135586737073,
            3.4652856357953823,
            3.584377896992882,
            3.6066653956427728
          ],
          "median_ratio": 3.5367800712786464
        },
        "dense104_L64": {
          "per_seed_ratios": [
            4.553477904879014,
            4.653521756507573,
            4.4835522066934255,
            4.669891185499091,
            5.377918791614461,
            4.611237151836981
          ],
          "median_ratio": 4.632379454172277
        },
        "dense80_L1": {
          "per_seed_ratios": [
            3.48168729620442,
            3.63174395148738,
            3.460909477689994,
            3.4706819495859627,
            3.618705834474083,
            3.6223551670188754
          ],
          "median_ratio": 3.5501965653392515
        },
        "dense80_L64": {
          "per_seed_ratios": [
            4.523986667156997,
            4.7172938957800845,
            4.5457043142838875,
            4.746657691782238,
            5.538679467372786,
            4.6286398793845
          ],
          "median_ratio": 4.672966887582293
        }
      },
      "runtime_gain_both_controls_and_lengths": false,
      "joint_signal": false
    }
  }
}
